facebook.com
fbcdn.net
whatsapp.com
whatsapp.net
telegram.org
telegram.me
t.me
cdn-telegram.org
telegram-cdn.org
telesco.pe
instagram.com
cdninstagram.com
snapchat.com
snap.com
sc-cdn.net
snapkit.com
snap-dev.net
x.com
twitter.com
twimg.com
t.co
bluesystem.me
xvideos.com
xhamster.com
xvideos-cdn.com
xvideos4.com
xv-ru.com
rutracker.org
pornhub.com
pornhub.org
flyone.eu
seatmaps.com
ryanair.com
easyjet.com
momondo.com
carnival.com
meduza.io
speeddial2.com
toureiffel.paris
guest.chekin.com
ticketing.colosseo.it
yerevan-city.am
rhb.ch
trenitalia.com
news.inbox.lv
booking.com
bstatic.com
booking.cn
adyen.com
adyenpayments.com
checkoutshopper-live.adyen.com
cardinalcommerce.com
3dsecure.io
threatmetrix.com
viator.com
play.google.com
android.clients.google.com
googleapis.com
gvt1.com
gvt2.com
transavia.com
all.com
milanomalpensa-airport.com
seamilano.eu
sea-aeroportimilano.it
arc.msn.com
anydesk.com
iedem.tv
flightradar24.com
fr24.com
jetphotos.com
planespotters.net
tvrain.tv
tvrain.ru
